// Jest Snapshot v1, https://goo.gl/fbAQLP

exports[`Snapshot will fail every time 1`] = `
Object {
  "createdAt": 2022-06-09T10:27:12.481Z,
  "id": 0,
  "name": "LeBron James",
}
`;
